// Jest Snapshot v1, https://goo.gl/fbAQLP

exports[`Splash component renders correctly 1`] = `
<View
  style={
    Object {
      "alignItems": "center",
      "backgroundColor": "#204",
      "flex": 1,
      "justifyContent": "center",
    }
  }
>
  <Image
    source={1}
    style={
      Object {
        "height": 110,
        "transform": Array [
          Object {
            "rotate": "0deg",
          },
        ],
        "width": 125,
      }
    }
  />
</View>
`;
